// Jest Snapshot v1, https://goo.gl/fbAQLP

exports[`Editable Text Component renders correctly. 1`] = `
<div
  aria-live="assertive"
  className="editable-text-container"
>
  <StyledTextFieldBase
    ariaLabel="Please enter feedback title"
    autoAdjustHeight={true}
    autoFocus={true}
    className="editable-text-input-container"
    inputClassName="editable-text-input"
    onChange={[Function]}
    onClick={[Function]}
    onKeyDown={[Function]}
    resizable={false}
    value=""
  />
</div>
`;

exports[`Editable Text Component updates text appropriately. 1`] = `
<div
  className="editable-text-container"
>
  <p
    aria-label="Feedback title is Test Text. Click to edit."
    className="editable-text"
    onClick={[Function]}
    onKeyDown={[Function]}
    tabIndex={0}
  >
    Test Text
  </p>
</div>
`;
